Test run for C:\GitHub\MarkHazleton\WebSpark.PrismSpark\WebSpark.PrismSpark.Tests\bin\Release\net10.0\WebSpark.PrismSpark.Tests.dll (.NETCoreApp,Version=v10.0)
VSTest version 18.0.1 (x64)

Starting test execution, please wait...
A total of 1 test files matched the specified pattern.
C:\GitHub\MarkHazleton\WebSpark.PrismSpark\WebSpark.PrismSpark.Tests\bin\Release\net10.0\WebSpark.PrismSpark.Tests.dll
[xUnit.net 00:00:00.00] xUnit.net VSTest Adapter v3.1.1+bf6400fd51 (64-bit .NET 10.0.1)
[xUnit.net 00:00:00.05]   Discovering: WebSpark.PrismSpark.Tests
[xUnit.net 00:00:00.08]   Discovered:  WebSpark.PrismSpark.Tests
[xUnit.net 00:00:00.10]   Starting:    WebSpark.PrismSpark.Tests
[xUnit.net 00:00:00.42]     WebSpark.PrismSpark.Tests.LanguageTokenizeTest.test_JavaScript_features_ok [FAIL]
[xUnit.net 00:00:00.42]       Assert.All() Failure: 2 out of 25 items in the collection did not pass.
[xUnit.net 00:00:00.42]       [3]:  Item:  "./testcases/javascript/function-variable_feature.t"┬╖┬╖┬╖
[xUnit.net 00:00:00.42]             Error: Assert.Equal() Failure: Values differ
[xUnit.net 00:00:00.42]                    Expected: 110
[xUnit.net 00:00:00.42]                    Actual:   107
[xUnit.net 00:00:00.42]       [17]: Item:  "./testcases/javascript/property_feature.test"
[xUnit.net 00:00:00.42]             Error: Assert.Equal() Failure: Strings differ
[xUnit.net 00:00:00.42]                               Γåô (pos 0)
[xUnit.net 00:00:00.42]                    Expected: "function-variable"
[xUnit.net 00:00:00.42]                    Actual:   "literal-property"
[xUnit.net 00:00:00.42]                               Γåæ (pos 0)
[xUnit.net 00:00:00.42]       Stack Trace:
[xUnit.net 00:00:00.42]         C:\GitHub\MarkHazleton\WebSpark.PrismSpark\WebSpark.PrismSpark.Tests\LanguageTokenizeTest.cs(90,0): at WebSpark.PrismSpark.Tests.LanguageTokenizeTest.test_JavaScript_features_ok()
[xUnit.net 00:00:00.42]            at System.Reflection.MethodBaseInvoker.InterpretedInvoke_Method(Object obj, IntPtr* args)
[xUnit.net 00:00:00.42]            at System.Reflection.MethodBaseInvoker.InvokeWithNoArgs(Object obj, BindingFlags invokeAttr)
[xUnit.net 00:00:00.43]   Finished:    WebSpark.PrismSpark.Tests
  Failed WebSpark.PrismSpark.Tests.LanguageTokenizeTest.test_JavaScript_features_ok [296 ms]
  Error Message:
   Assert.All() Failure: 2 out of 25 items in the collection did not pass.
[3]:  Item:  "./testcases/javascript/function-variable_feature.t"┬╖┬╖┬╖
      Error: Assert.Equal() Failure: Values differ
             Expected: 110
             Actual:   107
[17]: Item:  "./testcases/javascript/property_feature.test"
      Error: Assert.Equal() Failure: Strings differ
                        Γåô (pos 0)
             Expected: "function-variable"
             Actual:   "literal-property"
                        Γåæ (pos 0)
  Stack Trace:
     at WebSpark.PrismSpark.Tests.LanguageTokenizeTest.test_JavaScript_features_ok() in C:\GitHub\MarkHazleton\WebSpark.PrismSpark\WebSpark.PrismSpark.Tests\LanguageTokenizeTest.cs:line 90
   at System.Reflection.MethodBaseInvoker.InterpretedInvoke_Method(Object obj, IntPtr* args)
   at System.Reflection.MethodBaseInvoker.InvokeWithNoArgs(Object obj, BindingFlags invokeAttr)

Test Run Failed.
Total tests: 1
     Failed: 1
 Total time: 0.8297 Seconds
